  Determining projects to restore...
  Restored w:\CodeDeX\GPU-SIM\src\NvidiaControlPanel.Tests\NvidiaControlPanel.Tests.csproj (in 363 ms).
  Restored w:\CodeDeX\GPU-SIM\src\NvidiaControlPanel\NvidiaControlPanel.csproj (in 363 ms).
  NvidiaControlPanel -> w:\CodeDeX\GPU-SIM\src\NvidiaControlPanel\bin\Debug\net10.0-windows\NvidiaControlPanel.dll
  NvidiaControlPanel.Tests -> w:\CodeDeX\GPU-SIM\src\NvidiaControlPanel.Tests\bin\Debug\net10.0-windows\NvidiaControlPanel.Tests.dll
Test run for w:\CodeDeX\GPU-SIM\src\NvidiaControlPanel.Tests\bin\Debug\net10.0-windows\NvidiaControlPanel.Tests.dll (.NETCoreApp,Version=v10.0)
VSTest version 18.0.1 (x64)

Starting test execution, please wait...
A total of 1 test files matched the specified pattern.
  Failed NvidiaControlPanel.Tests.SimulationServiceTests.GetConfigAsync_ShouldCreateDefaultFile_WhenMissing [78 ms]
  Error Message:
   Assert.True() Failure
Expected: True
Actual:   False
  Stack Trace:
     at NvidiaControlPanel.Tests.SimulationServiceTests.GetConfigAsync_ShouldCreateDefaultFile_WhenMissing() in w:\CodeDeX\GPU-SIM\src\NvidiaControlPanel.Tests\SimulationServiceTests.cs:line 30
--- End of stack trace from previous location ---
  Failed NvidiaControlPanel.Tests.SimulationServiceTests.SaveConfigAsync_ShouldPersistDataToFile [2 ms]
  Error Message:
   System.IO.DirectoryNotFoundException : Could not find a part of the path 'w:\CodeDeX\GPU-SIM\src\NvidiaControlPanel.Tests\bin\Debug\net10.0-windows\test_save_18d24d27-5b2d-432a-9429-469cf48b1f37\GPU_Config.json'.
  Stack Trace:
     at Microsoft.Win32.SafeHandles.SafeFileHandle.CreateFile(String fullPath, FileMode mode, FileAccess access, FileShare share, FileOptions options)
   at Microsoft.Win32.SafeHandles.SafeFileHandle.Open(String fullPath, FileMode mode, FileAccess access, FileShare share, FileOptions options, Int64 preallocationSize, Nullable`1 unixCreateMode)
   at System.IO.File.OpenHandle(String path, FileMode mode, FileAccess access, FileShare share, FileOptions options, Int64 preallocationSize)
   at System.IO.File.WriteToFileAsync(String path, FileMode mode, ReadOnlyMemory`1 contents, Encoding encoding, CancellationToken cancellationToken)
   at NvidiaControlPanel.Services.SimulationService.SaveConfigAsync(SimulationConfig config) in w:\CodeDeX\GPU-SIM\src\NvidiaControlPanel\Services\SimulationService.cs:line 107
   at NvidiaControlPanel.Tests.SimulationServiceTests.SaveConfigAsync_ShouldPersistDataToFile() in w:\CodeDeX\GPU-SIM\src\NvidiaControlPanel.Tests\SimulationServiceTests.cs:line 92
--- End of stack trace from previous location ---
  Failed NvidiaControlPanel.Tests.Manage3DSettingsViewModelTests.Constructor_Initialization_ShouldLoadSettingsAndPrograms [24 ms]
  Error Message:
   Assert.Contains() Failure: Filter not matched in collection
Collection: [FeatureSetting { DefaultValue = "Off", IsGlobal = False, IsModified = True, Name = "Image Sharpening", Options = ["Off", "On"], ··· }, FeatureSetting { DefaultValue = "Performance", IsGlobal = False, IsModified = True, Name = "Ambient Occlusion", Options = ["Off", "Performance", "Quality"], ··· }, FeatureSetting { DefaultValue = "Application-controlled", IsGlobal = False, IsModified = True, Name = "Anisotropic filtering", Options = ["Application-controlled", "Off", "2x", "4x", "8x", ···], ··· }, FeatureSetting { DefaultValue = "Off", IsGlobal = False, IsModified = True, Name = "Antialiasing - FXAA", Options = ["Off", "On"], ··· }, FeatureSetting { DefaultValue = "On", IsGlobal = False, IsModified = True, Name = "Antialiasing - Gamma correction", Options = ["Off", "On"], ··· }, ···]
  Stack Trace:
     at NvidiaControlPanel.Tests.Manage3DSettingsViewModelTests.Constructor_Initialization_ShouldLoadSettingsAndPrograms() in w:\CodeDeX\GPU-SIM\src\NvidiaControlPanel.Tests\Manage3DSettingsViewModelTests.cs:line 32
   at System.Reflection.MethodBaseInvoker.InterpretedInvoke_Method(Object obj, IntPtr* args)
   at System.Reflection.MethodBaseInvoker.InvokeWithNoArgs(Object obj, BindingFlags invokeAttr)

Failed!  - Failed:     3, Passed:    23, Skipped:     0, Total:    26, Duration: 428 ms - NvidiaControlPanel.Tests.dll (net10.0)
